// Jest Snapshot v1, https://goo.gl/fbAQLP

exports[`@foo-software/create-react-app-server-helmet should match snapshot 1`] = `
Object {
  "CreateReactAppServerHelmet": [Function],
  "CreateReactAppServerHelmetContext": Object {
    "$$typeof": Symbol(react.context),
    "Consumer": Object {
      "$$typeof": Symbol(react.context),
      "_calculateChangedBits": null,
      "_context": [Circular],
    },
    "Provider": Object {
      "$$typeof": Symbol(react.provider),
      "_context": [Circular],
    },
    "_calculateChangedBits": null,
    "_currentRenderer": null,
    "_currentRenderer2": null,
    "_currentValue": "create-react-app-server-helmet-context",
    "_currentValue2": "create-react-app-server-helmet-context",
    "_threadCount": 0,
  },
  "withCreateReactAppServerHelmetProvider": [Function],
}
`;
