// Jest Snapshot v1, https://goo.gl/fbAQLP

exports[`@foo-software/create-react-app-server-status should match snapshot 1`] = `
Object {
  "CreateReactAppServerStatus": [Function],
}
`;
